

================================================================
== Vivado HLS Report for 'intrusion_detection'
================================================================
* Date:           Mon Dec 29 10:41:07 2025

* Version:        2018.2 (Build 2258646 on Thu Jun 14 20:25:20 MDT 2018)
* Project:        Exam_Project_HLS
* Solution:       solution1
* Product family: zynq
* Target device:  xc7z010clg400-1


================================================================
== Performance Estimates
================================================================
+ Timing (ns): 
    * Summary: 
    +--------+-------+----------+------------+
    |  Clock | Target| Estimated| Uncertainty|
    +--------+-------+----------+------------+
    |ap_clk  |   5.00|     4.371|        0.62|
    +--------+-------+----------+------------+

+ Latency (clock cycles): 
    * Summary: 
    +-----+-----+-----+-----+---------+
    |  Latency  |  Interval | Pipeline|
    | min | max | min | max |   Type  |
    +-----+-----+-----+-----+---------+
    |   92|   92|   92|   92|   none  |
    +-----+-----+-----+-----+---------+

    + Detail: 
        * Instance: 
        N/A

        * Loop: 
        N/A



================================================================
== Utilization Estimates
================================================================
* Summary: 
+-----------------+---------+-------+-------+-------+
|       Name      | BRAM_18K| DSP48E|   FF  |  LUT  |
+-----------------+---------+-------+-------+-------+
|DSP              |        -|      -|      -|      -|
|Expression       |        -|      -|      0|   1084|
|FIFO             |        -|      -|      -|      -|
|Instance         |        2|      4|    439|    303|
|Memory           |        -|      -|      -|      -|
|Multiplexer      |        -|      -|      -|    770|
|Register         |        -|      -|    957|      -|
+-----------------+---------+-------+-------+-------+
|Total            |        2|      4|   1396|   2157|
+-----------------+---------+-------+-------+-------+
|Available        |      120|     80|  35200|  17600|
+-----------------+---------+-------+-------+-------+
|Utilization (%)  |        1|      5|      3|     12|
+-----------------+---------+-------+-------+-------+

+ Detail: 
    * Instance: 
    +--------------------------------------+------------------------------------+---------+-------+-----+-----+
    |               Instance               |               Module               | BRAM_18K| DSP48E|  FF | LUT |
    +--------------------------------------+------------------------------------+---------+-------+-----+-----+
    |intrusion_detectibkb_U1               |intrusion_detectibkb                |        0|      4|  215|    1|
    |intrusion_detection_AXILiteS_s_axi_U  |intrusion_detection_AXILiteS_s_axi  |        2|      0|  224|  302|
    +--------------------------------------+------------------------------------+---------+-------+-----+-----+
    |Total                                 |                                    |        2|      4|  439|  303|
    +--------------------------------------+------------------------------------+---------+-------+-----+-----+

    * DSP48: 
    N/A

    * Memory: 
    N/A

    * FIFO: 
    N/A

    * Expression: 
    +----------------------+----------+-------+---+----+------------+------------+
    |     Variable Name    | Operation| DSP48E| FF| LUT| Bitwidth P0| Bitwidth P1|
    +----------------------+----------+-------+---+----+------------+------------+
    |grp_fu_1000_p2        |     +    |      0|  0|  32|          32|          32|
    |grp_fu_1006_p2        |     +    |      0|  0|  39|          32|          32|
    |grp_fu_1028_p2        |     +    |      0|  0|  32|          32|          32|
    |grp_fu_1034_p2        |     +    |      0|  0|  32|          32|          32|
    |grp_fu_1040_p2        |     +    |      0|  0|  32|          32|          32|
    |grp_fu_1046_p2        |     +    |      0|  0|  32|          32|          32|
    |grp_fu_1064_p2        |     +    |      0|  0|  32|          32|          32|
    |grp_fu_1070_p2        |     +    |      0|  0|  32|          32|          32|
    |grp_fu_958_p2         |     +    |      0|  0|  32|          32|          32|
    |grp_fu_964_p2         |     +    |      0|  0|  32|          32|          32|
    |grp_fu_970_p2         |     +    |      0|  0|  32|          32|          32|
    |grp_fu_976_p2         |     +    |      0|  0|  32|          32|          32|
    |grp_fu_982_p2         |     +    |      0|  0|  32|          32|          32|
    |grp_fu_988_p2         |     +    |      0|  0|  32|          32|          32|
    |grp_fu_994_p2         |     +    |      0|  0|  32|          32|          32|
    |tmp12_fu_1091_p2      |     +    |      0|  0|  32|          32|          32|
    |tmp13_fu_1086_p2      |     +    |      0|  0|  32|          32|          32|
    |tmp14_fu_1080_p2      |     +    |      0|  0|  39|          32|          32|
    |tmp1_fu_1167_p2       |     +    |      0|  0|  32|          32|          32|
    |tmp21_fu_1107_p2      |     +    |      0|  0|  32|          32|          32|
    |tmp2_fu_1102_p2       |     +    |      0|  0|  32|          32|          32|
    |tmp3_fu_1096_p2       |     +    |      0|  0|  32|          32|          32|
    |tmp40_fu_1156_p2      |     +    |      0|  0|  32|          32|          32|
    |tmp41_fu_1151_p2      |     +    |      0|  0|  32|          32|          32|
    |tmp60_fu_1146_p2      |     +    |      0|  0|  32|          32|          32|
    |tmp70_fu_1141_p2      |     +    |      0|  0|  32|          32|          32|
    |tmp75_fu_1136_p2      |     +    |      0|  0|  32|          32|          32|
    |tmp76_fu_1131_p2      |     +    |      0|  0|  32|          32|          32|
    |tmp77_fu_1113_p2      |     +    |      0|  0|  39|          32|          32|
    |tmp78_fu_1125_p2      |     +    |      0|  0|  32|          32|          32|
    |tmp79_fu_1119_p2      |     +    |      0|  0|  32|          32|          32|
    |tmp_4_8_8_fu_1171_p2  |     +    |      0|  0|  32|          32|          32|
    |tmp_fu_1161_p2        |     +    |      0|  0|  39|          32|          32|
    +----------------------+----------+-------+---+----+------------+------------+
    |Total                 |          |      0|  0|1084|        1056|        1056|
    +----------------------+----------+-------+---+----+------------+------------+

    * Multiplexer: 
    +----------------------+-----+-----------+-----+-----------+
    |         Name         | LUT | Input Size| Bits| Total Bits|
    +----------------------+-----+-----------+-----+-----------+
    |ap_NS_fsm             |  409|         94|    1|         94|
    |camera_data_address0  |  361|         82|    7|        574|
    +----------------------+-----+-----------+-----+-----------+
    |Total                 |  770|        176|    8|        668|
    +----------------------+-----+-----------+-----+-----------+

    * Register: 
    +--------------------+----+----+-----+-----------+
    |        Name        | FF | LUT| Bits| Const Bits|
    +--------------------+----+----+-----+-----------+
    |ap_CS_fsm           |  93|   0|   93|          0|
    |reg_1012            |  32|   0|   32|          0|
    |reg_1016            |  32|   0|   32|          0|
    |reg_1020            |  32|   0|   32|          0|
    |reg_1024            |  32|   0|   32|          0|
    |reg_1052            |  32|   0|   32|          0|
    |reg_1056            |  32|   0|   32|          0|
    |reg_1060            |  32|   0|   32|          0|
    |reg_1076            |  32|   0|   32|          0|
    |reg_938             |  32|   0|   32|          0|
    |reg_942             |  32|   0|   32|          0|
    |reg_946             |  32|   0|   32|          0|
    |reg_950             |  32|   0|   32|          0|
    |reg_954             |  32|   0|   32|          0|
    |tmp12_reg_1310      |  32|   0|   32|          0|
    |tmp14_reg_1250      |  32|   0|   32|          0|
    |tmp17_reg_1300      |  32|   0|   32|          0|
    |tmp21_reg_1425      |  32|   0|   32|          0|
    |tmp2_reg_1320       |  32|   0|   32|          0|
    |tmp40_reg_1640      |  32|   0|   32|          0|
    |tmp51_reg_1525      |  32|   0|   32|          0|
    |tmp60_reg_1635      |  32|   0|   32|          0|
    |tmp70_reg_1630      |  32|   0|   32|          0|
    |tmp75_reg_1625      |  32|   0|   32|          0|
    |tmp77_reg_1610      |  32|   0|   32|          0|
    |tmp78_reg_1620      |  32|   0|   32|          0|
    |tmp_4_8_8_reg_1650  |  32|   0|   32|          0|
    |tmp_reg_1645        |  32|   0|   32|          0|
    +--------------------+----+----+-----+-----------+
    |Total               | 957|   0|  957|          0|
    +--------------------+----+----+-----+-----------+



================================================================
== Interface
================================================================
* Summary: 
+------------------------+-----+-----+------------+---------------------+--------------+
|        RTL Ports       | Dir | Bits|  Protocol  |    Source Object    |    C Type    |
+------------------------+-----+-----+------------+---------------------+--------------+
|s_axi_AXILiteS_AWVALID  |  in |    1|    s_axi   |       AXILiteS      |     array    |
|s_axi_AXILiteS_AWREADY  | out |    1|    s_axi   |       AXILiteS      |     array    |
|s_axi_AXILiteS_AWADDR   |  in |   10|    s_axi   |       AXILiteS      |     array    |
|s_axi_AXILiteS_WVALID   |  in |    1|    s_axi   |       AXILiteS      |     array    |
|s_axi_AXILiteS_WREADY   | out |    1|    s_axi   |       AXILiteS      |     array    |
|s_axi_AXILiteS_WDATA    |  in |   32|    s_axi   |       AXILiteS      |     array    |
|s_axi_AXILiteS_WSTRB    |  in |    4|    s_axi   |       AXILiteS      |     array    |
|s_axi_AXILiteS_ARVALID  |  in |    1|    s_axi   |       AXILiteS      |     array    |
|s_axi_AXILiteS_ARREADY  | out |    1|    s_axi   |       AXILiteS      |     array    |
|s_axi_AXILiteS_ARADDR   |  in |   10|    s_axi   |       AXILiteS      |     array    |
|s_axi_AXILiteS_RVALID   | out |    1|    s_axi   |       AXILiteS      |     array    |
|s_axi_AXILiteS_RREADY   |  in |    1|    s_axi   |       AXILiteS      |     array    |
|s_axi_AXILiteS_RDATA    | out |   32|    s_axi   |       AXILiteS      |     array    |
|s_axi_AXILiteS_RRESP    | out |    2|    s_axi   |       AXILiteS      |     array    |
|s_axi_AXILiteS_BVALID   | out |    1|    s_axi   |       AXILiteS      |     array    |
|s_axi_AXILiteS_BREADY   |  in |    1|    s_axi   |       AXILiteS      |     array    |
|s_axi_AXILiteS_BRESP    | out |    2|    s_axi   |       AXILiteS      |     array    |
|ap_clk                  |  in |    1| ap_ctrl_hs | intrusion_detection | return value |
|ap_rst_n                |  in |    1| ap_ctrl_hs | intrusion_detection | return value |
|interrupt               | out |    1| ap_ctrl_hs | intrusion_detection | return value |
+------------------------+-----+-----+------------+---------------------+--------------+

